{
  "version": "1.5.0",
  "plugins_used": [
    {
      "name": "ArtifactoryDetector"
    },
    {
      "name": "AWSKeyDetector"
    },
    {
      "name": "AzureStorageKeyDetector"
    },
    {
      "name": "Base64HighEntropyString",
      "limit": 4.5
    },
    {
      "name": "BasicAuthDetector"
    },
    {
      "name": "CloudantDetector"
    },
    {
      "name": "DiscordBotTokenDetector"
    },
    {
      "name": "GitHubTokenDetector"
    },
    {
      "name": "GitLabTokenDetector"
    },
    {
      "name": "HexHighEntropyString",
      "limit": 3.0
    },
    {
      "name": "IbmCloudIamDetector"
    },
    {
      "name": "IbmCosHmacDetector"
    },
    {
      "name": "IPPublicDetector"
    },
    {
      "name": "JwtTokenDetector"
    },
    {
      "name": "KeywordDetector",
      "keyword_exclude": ""
    },
    {
      "name": "MailchimpDetector"
    },
    {
      "name": "NpmDetector"
    },
    {
      "name": "OpenAIDetector"
    },
    {
      "name": "PrivateKeyDetector"
    },
    {
      "name": "PypiTokenDetector"
    },
    {
      "name": "SendGridDetector"
    },
    {
      "name": "SlackDetector"
    },
    {
      "name": "SoftlayerDetector"
    },
    {
      "name": "SquareOAuthDetector"
    },
    {
      "name": "StripeDetector"
    },
    {
      "name": "TelegramBotTokenDetector"
    },
    {
      "name": "TwilioKeyDetector"
    }
  ],
  "filters_used": [
    {
      "path": "detect_secrets.filters.allowlist.is_line_allowlisted"
    },
    {
      "path": "detect_secrets.filters.common.is_baseline_file",
      "filename": ".secrets.baseline"
    },
    {
      "path": "detect_secrets.filters.common.is_ignored_due_to_verification_policies",
      "min_level": 2
    },
    {
      "path": "detect_secrets.filters.heuristic.is_indirect_reference"
    },
    {
      "path": "detect_secrets.filters.heuristic.is_likely_id_string"
    },
    {
      "path": "detect_secrets.filters.heuristic.is_lock_file"
    },
    {
      "path": "detect_secrets.filters.heuristic.is_not_alphanumeric_string"
    },
    {
      "path": "detect_secrets.filters.heuristic.is_potential_uuid"
    },
    {
      "path": "detect_secrets.filters.heuristic.is_prefixed_with_dollar_sign"
    },
    {
      "path": "detect_secrets.filters.heuristic.is_sequential_string"
    },
    {
      "path": "detect_secrets.filters.heuristic.is_swagger_file"
    },
    {
      "path": "detect_secrets.filters.heuristic.is_templated_secret"
    },
    {
      "path": "detect_secrets.filters.regex.should_exclude_file",
      "pattern": [
        "uv\\.lock"
      ]
    }
  ],
  "results": {
    "qeth/address.py": [
      {
        "type": "Base64 High Entropy String",
        "filename": "qeth/address.py",
        "hashed_secret": "1fbf29f4d01704e52025ffc9a6d73b5241be9e10",
        "is_verified": false,
        "line_number": 28
      }
    ],
    "qeth/transactions.py": [
      {
        "type": "Secret Keyword",
        "filename": "qeth/transactions.py",
        "hashed_secret": "dc31deedda65d6dd0924d3b45c583098630d6c43",
        "is_verified": false,
        "line_number": 678
      }
    ],
    "tests/test_abi.py": [
      {
        "type": "Hex High Entropy String",
        "filename": "tests/test_abi.py",
        "hashed_secret": "e0e10136f0ac803cad0c314e8e9affa0650c86dd",
        "is_verified": false,
        "line_number": 304
      }
    ],
    "tests/test_address.py": [
      {
        "type": "Base64 High Entropy String",
        "filename": "tests/test_address.py",
        "hashed_secret": "70e8cc588da74e998f5084bd8fa7c7fb5101160b",
        "is_verified": false,
        "line_number": 12
      },
      {
        "type": "Base64 High Entropy String",
        "filename": "tests/test_address.py",
        "hashed_secret": "e663c67e8932c6ef836d48bd9314faadb401b3c8",
        "is_verified": false,
        "line_number": 28
      },
      {
        "type": "Base64 High Entropy String",
        "filename": "tests/test_address.py",
        "hashed_secret": "b89dacbe37be746fd5ba4c0a92a732d972313338",
        "is_verified": false,
        "line_number": 29
      },
      {
        "type": "Base64 High Entropy String",
        "filename": "tests/test_address.py",
        "hashed_secret": "8afd863d8e7fd79e0de930b5799695544f9d047f",
        "is_verified": false,
        "line_number": 30
      }
    ],
    "tests/test_ens_app.py": [
      {
        "type": "Hex High Entropy String",
        "filename": "tests/test_ens_app.py",
        "hashed_secret": "9ee4ac73fa7b6697f37be75c38bb768727fdcc7c",
        "is_verified": false,
        "line_number": 460
      },
      {
        "type": "Hex High Entropy String",
        "filename": "tests/test_ens_app.py",
        "hashed_secret": "176dfc5b4b4847fd4ee0b4f203a7a61557c2117c",
        "is_verified": false,
        "line_number": 513
      }
    ],
    "tests/test_hot_wallet.py": [
      {
        "type": "Hex High Entropy String",
        "filename": "tests/test_hot_wallet.py",
        "hashed_secret": "23ad5a8f6e09354b58c16b46afa0595ea1faaf38",
        "is_verified": false,
        "line_number": 27
      }
    ],
    "tests/test_icon_fetch_guard.py": [
      {
        "type": "Base64 High Entropy String",
        "filename": "tests/test_icon_fetch_guard.py",
        "hashed_secret": "77120328bf8adc3259a1a7f29c1a6df8258c3230",
        "is_verified": false,
        "line_number": 83
      }
    ],
    "tests/test_import_sources.py": [
      {
        "type": "Hex High Entropy String",
        "filename": "tests/test_import_sources.py",
        "hashed_secret": "23ad5a8f6e09354b58c16b46afa0595ea1faaf38",
        "is_verified": false,
        "line_number": 27
      }
    ],
    "tests/test_qr_account.py": [
      {
        "type": "Hex High Entropy String",
        "filename": "tests/test_qr_account.py",
        "hashed_secret": "7df81a86a99d6109add7236a9780cdf327c7716f",
        "is_verified": false,
        "line_number": 18
      },
      {
        "type": "Hex High Entropy String",
        "filename": "tests/test_qr_account.py",
        "hashed_secret": "e00c8951c75d1e6d38b663f4ad477622829a6a01",
        "is_verified": false,
        "line_number": 20
      }
    ],
    "tests/test_qr_multipart.py": [
      {
        "type": "Hex High Entropy String",
        "filename": "tests/test_qr_multipart.py",
        "hashed_secret": "d6a588085a14edf67fc04652db1b044f0dc9ca84",
        "is_verified": false,
        "line_number": 24
      }
    ],
    "tests/test_signers.py": [
      {
        "type": "Secret Keyword",
        "filename": "tests/test_signers.py",
        "hashed_secret": "a1b9892611956aa13a5ab9ccf01f49662583f2d2",
        "is_verified": false,
        "line_number": 22
      }
    ],
    "tests/test_simulate.py": [
      {
        "type": "Hex High Entropy String",
        "filename": "tests/test_simulate.py",
        "hashed_secret": "04256f71d3c5aeda1fcfe45444dae31a5e5010d9",
        "is_verified": false,
        "line_number": 317
      }
    ],
    "tests/test_tron_client.py": [
      {
        "type": "Hex High Entropy String",
        "filename": "tests/test_tron_client.py",
        "hashed_secret": "5c0dad92be9b16c68847045305649f8ac3818844",
        "is_verified": false,
        "line_number": 82
      }
    ],
    "tests/test_tron_history.py": [
      {
        "type": "Hex High Entropy String",
        "filename": "tests/test_tron_history.py",
        "hashed_secret": "8b2b017d6a1b4ffc1659bac9f500d01435579b87",
        "is_verified": false,
        "line_number": 20
      },
      {
        "type": "Hex High Entropy String",
        "filename": "tests/test_tron_history.py",
        "hashed_secret": "fc44ca234e0877338d0cf2800fd0acf15ac3fd15",
        "is_verified": false,
        "line_number": 21
      },
      {
        "type": "Hex High Entropy String",
        "filename": "tests/test_tron_history.py",
        "hashed_secret": "3887fb43852bc6f05870295e55e4267c5b2fdd1f",
        "is_verified": false,
        "line_number": 26
      }
    ],
    "tests/test_tron_signing.py": [
      {
        "type": "Hex High Entropy String",
        "filename": "tests/test_tron_signing.py",
        "hashed_secret": "f2cfc3377ac676b4854bea57e2ce285c41e0fac6",
        "is_verified": false,
        "line_number": 28
      },
      {
        "type": "Hex High Entropy String",
        "filename": "tests/test_tron_signing.py",
        "hashed_secret": "7a268210c2657ba167381575f7d65a961218cec6",
        "is_verified": false,
        "line_number": 30
      },
      {
        "type": "Hex High Entropy String",
        "filename": "tests/test_tron_signing.py",
        "hashed_secret": "8be86021c207869fd74756c7f02b56a5ea2bbac6",
        "is_verified": false,
        "line_number": 40
      }
    ],
    "tests/test_tron_tokens.py": [
      {
        "type": "Base64 High Entropy String",
        "filename": "tests/test_tron_tokens.py",
        "hashed_secret": "70e8cc588da74e998f5084bd8fa7c7fb5101160b",
        "is_verified": false,
        "line_number": 22
      },
      {
        "type": "Base64 High Entropy String",
        "filename": "tests/test_tron_tokens.py",
        "hashed_secret": "e53747d48882917b0a7dfbc40ad9b65e0df83508",
        "is_verified": false,
        "line_number": 44
      }
    ],
    "tests/test_tron_tx.py": [
      {
        "type": "Hex High Entropy String",
        "filename": "tests/test_tron_tx.py",
        "hashed_secret": "e687579f157821ab4bd6ed7956ac9f43ee1b2dbb",
        "is_verified": false,
        "line_number": 18
      },
      {
        "type": "Hex High Entropy String",
        "filename": "tests/test_tron_tx.py",
        "hashed_secret": "15d7e672630a35f787d82a82e784cef3369a71da",
        "is_verified": false,
        "line_number": 19
      },
      {
        "type": "Hex High Entropy String",
        "filename": "tests/test_tron_tx.py",
        "hashed_secret": "5b9da8d38ea177dc2851be14304f7ab9d1b796f1",
        "is_verified": false,
        "line_number": 20
      },
      {
        "type": "Hex High Entropy String",
        "filename": "tests/test_tron_tx.py",
        "hashed_secret": "bee6a88006c6240f0558d90cc20898ff8472fb29",
        "is_verified": false,
        "line_number": 21
      },
      {
        "type": "Hex High Entropy String",
        "filename": "tests/test_tron_tx.py",
        "hashed_secret": "f49e02f3cf17ca70c346c5fb7921a6a1de2a4917",
        "is_verified": false,
        "line_number": 22
      },
      {
        "type": "Hex High Entropy String",
        "filename": "tests/test_tron_tx.py",
        "hashed_secret": "48b2e9c6834a6ad170d796a90d2207d703807ea5",
        "is_verified": false,
        "line_number": 24
      },
      {
        "type": "Hex High Entropy String",
        "filename": "tests/test_tron_tx.py",
        "hashed_secret": "7d22aa159401277fa9ec897bcfebe83b8c44e09c",
        "is_verified": false,
        "line_number": 25
      },
      {
        "type": "Hex High Entropy String",
        "filename": "tests/test_tron_tx.py",
        "hashed_secret": "10e0fbb61294502867b98a33be40479dbdeb6788",
        "is_verified": false,
        "line_number": 26
      },
      {
        "type": "Hex High Entropy String",
        "filename": "tests/test_tron_tx.py",
        "hashed_secret": "b48309e1e2e247568c3f30414885cfdac2ae82a1",
        "is_verified": false,
        "line_number": 27
      },
      {
        "type": "Hex High Entropy String",
        "filename": "tests/test_tron_tx.py",
        "hashed_secret": "0c6d5a691212266d9bf7e1d028f7718bd500f549",
        "is_verified": false,
        "line_number": 30
      },
      {
        "type": "Hex High Entropy String",
        "filename": "tests/test_tron_tx.py",
        "hashed_secret": "f2cfc3377ac676b4854bea57e2ce285c41e0fac6",
        "is_verified": false,
        "line_number": 84
      },
      {
        "type": "Hex High Entropy String",
        "filename": "tests/test_tron_tx.py",
        "hashed_secret": "756abda2b4a4f93ed083f4cb5e47ecfbb167c4db",
        "is_verified": false,
        "line_number": 86
      }
    ],
    "tests/test_ui_plugins.py": [
      {
        "type": "Hex High Entropy String",
        "filename": "tests/test_ui_plugins.py",
        "hashed_secret": "e0e10136f0ac803cad0c314e8e9affa0650c86dd",
        "is_verified": false,
        "line_number": 1323
      }
    ]
  },
  "generated_at": "2026-09-24T19:03:42Z"
}
